  File: /home/user1
  Size: 4096      	Blocks: 8          IO Block: 4096   directory
Device: 253,0	Inode: 130577      Links: 2
Access: (0755/drwxr-xr-x)  Uid: ( 1234/   user1)   Gid: ( 1234/   user1)
Access: 2026-10-06 20:28:22.891291560 +0300
Modify: 2026-10-06 20:35:29.564154036 +0300
Change: 2026-10-06 20:35:29.564154036 +0300
 Birth: 2026-10-06 20:26:14.090828413 +0300
  File: /home/user1/cat-suid
  Size: 44016     	Blocks: 88         IO Block: 4096   regular file
Device: 253,0	Inode: 132499      Links: 1
Access: (4755/-rwsr-xr-x)  Uid: (    0/    root)   Gid: (    0/    root)
Access: 2026-10-06 20:32:01.444430016 +0300
Modify: 2026-10-06 20:31:17.295379235 +0300
Change: 2026-10-06 20:31:33.300169855 +0300
 Birth: 2026-10-06 20:31:17.295379235 +0300
  File: /home/user1/chown-cap
  Size: 72752     	Blocks: 144        IO Block: 4096   regular file
Device: 253,0	Inode: 132739      Links: 1
Access: (0755/-rwxr-xr-x)  Uid: (    0/    root)   Gid: (    0/    root)
Access: 2026-10-06 20:35:46.836191453 +0300
Modify: 2026-10-06 20:35:01.828191233 +0300
Change: 2026-10-06 20:35:08.748170151 +0300
 Birth: 2026-10-06 20:35:01.828191233 +0300
